exports[`Test suite for Datepicker component Datepicker should exist 1`] = `
<ThemedDatePicker
  active={false}
  composeTheme="deeply"
  locale="en"
  minDate={2015-11-08T05:00:00.000Z}
  sundayFirstDayOfWeek={false}
  theme={
    Object {
      "process": [Function],
    }
  } />
`;
