exports[`Test suite for ObjectiveFeedSidebar component ObjectiveFeedSidebar should exist 1`] = `
<div
  className="gbVhTM" />
`;
