exports[`Test suite for ObjectiveCollaboratorBar component ObjectiveCollaboratorBar should exist 1`] = `
<Component
  className="bomaRU" />
`;
