exports[`Test suite for Card component Card should exist 1`] = `
<div
  className="" />
`;
