exports[`Test suite for Button component Button should exist 1`] = `
<div
  className="" />
`;
