exports[`Test suite for SnapshotFooter component SnapshotFooter should exist 1`] = `
<Component
  className="jZmhLl" />
`;
