exports[`Test suite for UserTab component UserTab should exist 1`] = `
<div>
  <div>
    <img />
  </div>
  <div>
    <h3>
       
    </h3>
  </div>
</div>
`;
