exports[`Test suite for ObjectiveAdmin component ObjectiveAdmin should exist 1`] = `
<Component
  className="dtcyiV" />
`;
