exports[`Test suite for SnapshotBody component SnapshotBody should exist 1`] = `
<SnapshotBody
  className="cPnWJo" />
`;
