exports[`Test suite for PageHeader component PageHeader should exist 1`] = `
<div>
  <h2 />
  <div />
</div>
`;
