exports[`Test suite for User component User should exist 1`] = `<div />`;
