exports[`Test suite for Alert component Alert should exist 1`] = `
<div
  className="undefined">
  <i
    className="zmdi zmdi-undefined" />
  <div />
</div>
`;
