exports[`Test suite for ObjectiveStatistics component ObjectiveStatistics should exist 1`] = `
<div
  className="GjDTE" />
`;
