exports[`Test suite for SnapshotContainer component SnapshotContainer should exist 1`] = `
<div
  className="hJuGYc" />
`;
