exports[`Test suite for ControlBar component ControlBar should exist 1`] = `<div />`;
