exports[`Test suite for SnapshotHeader component SnapshotHeader should exist 1`] = `
<Component
  className="jHuiZP" />
`;
