exports[`Test suite for TaskList component TaskList should exist 1`] = `
<Component
  className="dlvdBO" />
`;
